Lorg/arguslab/native_heap_modify/MainActivity;.heapModify:(Landroid/content/Context;Lorg/arguslab/native_heap_modify/Data;)V -> _SOURCE_ 2.str