Lorg/arguslab/native_complexdata/MainActivity;.send:(Lorg/arguslab/native_complexdata/ComplexData;)V -> _SINK_ 1