Lorg/arguslab/native_leak/MainActivity;.send:(Ljava/lang/String;)V -> _SINK_ 1