Lorg/arguslab/native_source/MainActivity;.getImei:(Landroid/content/Context;)Ljava/lang/String; -> _SOURCE_