Lorg/arguslab/native_method_overloading/MainActivity;.send:([I[Ljava/lang/String;Ljava/lang/String;D)V -> _SINK_ 3